// Jest Snapshot v1, https://goo.gl/fbAQLP

exports[`admin stack 1`] = `
{
  "Description": "test;",
  "Mappings": {
    "SourceCode": {
      "General": {
        "KeyPrefix": "aws-security-hub-automated-response-and-remediation/v1.1.1",
        "S3Bucket": "sharrbukkit",
      },
    },
  },
  "Parameters": {
    "PCI321Example1AutoTrigger": {
      "AllowedValues": [
        "ENABLED",
        "DISABLED",
      ],
      "Default": "DISABLED",
      "Description": "This will fully enable automated remediation for PCI 3.2.1 Example.1",
      "Type": "String",
    },
    "PCI321Example3AutoTrigger": {
      "AllowedValues": [
        "ENABLED",
        "DISABLED",
      ],
      "Default": "DISABLED",
      "Description": "This will fully enable automated remediation for PCI 3.2.1 Example.3",
      "Type": "String",
    },
    "PCI321Example5AutoTrigger": {
      "AllowedValues": [
        "ENABLED",
        "DISABLED",
      ],
      "Default": "DISABLED",
      "Description": "This will fully enable automated remediation for PCI 3.2.1 Example.5",
      "Type": "String",
    },
    "SsmParameterValueSolutionsSO0111OrchestratorArnC96584B6F00A464EAD1953AFF4B05118Parameter": {
      "Default": "/Solutions/SO0111/OrchestratorArn",
      "Type": "AWS::SSM::Parameter::Value<String>",
    },
  },
  "Resources": {
    "PCIExample1AutoEventRule6C982301": {
      "Properties": {
        "Description": "Remediate PCI 3.2.1 Example.1 automatic remediation trigger event rule.",
        "EventPattern": {
          "detail": {
            "findings": {
              "Compliance": {
                "Status": [
                  "FAILED",
                  "WARNING",
                ],
              },
              "GeneratorId": [
                "pci-dss/v/3.2.1/Example.1",
              ],
              "RecordState": [
                "ACTIVE",
              ],
              "Workflow": {
                "Status": [
                  "NEW",
                ],
              },
            },
          },
          "detail-type": [
            "Security Hub Findings - Imported",
          ],
          "source": [
            "aws.securityhub",
          ],
        },
        "Name": "PCI_3.2.1_Example.1_AutoTrigger",
        "State": {
          "Ref": "PCI321Example1AutoTrigger",
        },
        "Targets": [
          {
            "Arn": {
              "Ref": "SsmParameterValueSolutionsSO0111OrchestratorArnC96584B6F00A464EAD1953AFF4B05118Parameter",
            },
            "Id": "Target0",
            "RoleArn": {
              "Fn::GetAtt": [
                "PCIExample1EventsRuleRoleD486082E",
                "Arn",
              ],
            },
          },
        ],
      },
      "Type": "AWS::Events::Rule",
    },
    "PCIExample1EventsRuleRoleD486082E": {
      "Properties": {
        "AssumeRolePolicyDocument": {
          "Statement": [
            {
              "Action": "sts:AssumeRole",
              "Effect": "Allow",
              "Principal": {
                "Service": "events.amazonaws.com",
              },
            },
          ],
          "Version": "2012-10-17",
        },
      },
      "Type": "AWS::IAM::Role",
    },
    "PCIExample1EventsRuleRoleDefaultPolicyE4F7D24C": {
      "Properties": {
        "PolicyDocument": {
          "Statement": [
            {
              "Action": "states:StartExecution",
              "Effect": "Allow",
              "Resource": {
                "Ref": "SsmParameterValueSolutionsSO0111OrchestratorArnC96584B6F00A464EAD1953AFF4B05118Parameter",
              },
            },
          ],
          "Version": "2012-10-17",
        },
        "PolicyName": "PCIExample1EventsRuleRoleDefaultPolicyE4F7D24C",
        "Roles": [
          {
            "Ref": "PCIExample1EventsRuleRoleD486082E",
          },
        ],
      },
      "Type": "AWS::IAM::Policy",
    },
    "PCIExample3AutoEventRule3C7AABD6": {
      "Properties": {
        "Description": "Remediate PCI 3.2.1 Example.3 automatic remediation trigger event rule.",
        "EventPattern": {
          "detail": {
            "findings": {
              "Compliance": {
                "Status": [
                  "FAILED",
                  "WARNING",
                ],
              },
              "GeneratorId": [
                "pci-dss/v/3.2.1/Example.3",
              ],
              "RecordState": [
                "ACTIVE",
              ],
              "Workflow": {
                "Status": [
                  "NEW",
                ],
              },
            },
          },
          "detail-type": [
            "Security Hub Findings - Imported",
          ],
          "source": [
            "aws.securityhub",
          ],
        },
        "Name": "PCI_3.2.1_Example.3_AutoTrigger",
        "State": {
          "Ref": "PCI321Example3AutoTrigger",
        },
        "Targets": [
          {
            "Arn": {
              "Ref": "SsmParameterValueSolutionsSO0111OrchestratorArnC96584B6F00A464EAD1953AFF4B05118Parameter",
            },
            "Id": "Target0",
            "RoleArn": {
              "Fn::GetAtt": [
                "PCIExample3EventsRuleRoleA99F7A6B",
                "Arn",
              ],
            },
          },
        ],
      },
      "Type": "AWS::Events::Rule",
    },
    "PCIExample3EventsRuleRoleA99F7A6B": {
      "Properties": {
        "AssumeRolePolicyDocument": {
          "Statement": [
            {
              "Action": "sts:AssumeRole",
              "Effect": "Allow",
              "Principal": {
                "Service": "events.amazonaws.com",
              },
            },
          ],
          "Version": "2012-10-17",
        },
      },
      "Type": "AWS::IAM::Role",
    },
    "PCIExample3EventsRuleRoleDefaultPolicyA3E0C4E3": {
      "Properties": {
        "PolicyDocument": {
          "Statement": [
            {
              "Action": "states:StartExecution",
              "Effect": "Allow",
              "Resource": {
                "Ref": "SsmParameterValueSolutionsSO0111OrchestratorArnC96584B6F00A464EAD1953AFF4B05118Parameter",
              },
            },
          ],
          "Version": "2012-10-17",
        },
        "PolicyName": "PCIExample3EventsRuleRoleDefaultPolicyA3E0C4E3",
        "Roles": [
          {
            "Ref": "PCIExample3EventsRuleRoleA99F7A6B",
          },
        ],
      },
      "Type": "AWS::IAM::Policy",
    },
    "PCIExample5AutoEventRuleDA18E2FE": {
      "Properties": {
        "Description": "Remediate PCI 3.2.1 Example.5 automatic remediation trigger event rule.",
        "EventPattern": {
          "detail": {
            "findings": {
              "Compliance": {
                "Status": [
                  "FAILED",
                  "WARNING",
                ],
              },
              "GeneratorId": [
                "pci-dss/v/3.2.1/Example.5",
              ],
              "RecordState": [
                "ACTIVE",
              ],
              "Workflow": {
                "Status": [
                  "NEW",
                ],
              },
            },
          },
          "detail-type": [
            "Security Hub Findings - Imported",
          ],
          "source": [
            "aws.securityhub",
          ],
        },
        "Name": "PCI_3.2.1_Example.5_AutoTrigger",
        "State": {
          "Ref": "PCI321Example5AutoTrigger",
        },
        "Targets": [
          {
            "Arn": {
              "Ref": "SsmParameterValueSolutionsSO0111OrchestratorArnC96584B6F00A464EAD1953AFF4B05118Parameter",
            },
            "Id": "Target0",
            "RoleArn": {
              "Fn::GetAtt": [
                "PCIExample5EventsRuleRole5B9B7CC6",
                "Arn",
              ],
            },
          },
        ],
      },
      "Type": "AWS::Events::Rule",
    },
    "PCIExample5EventsRuleRole5B9B7CC6": {
      "Properties": {
        "AssumeRolePolicyDocument": {
          "Statement": [
            {
              "Action": "sts:AssumeRole",
              "Effect": "Allow",
              "Principal": {
                "Service": "events.amazonaws.com",
              },
            },
          ],
          "Version": "2012-10-17",
        },
      },
      "Type": "AWS::IAM::Role",
    },
    "PCIExample5EventsRuleRoleDefaultPolicy1043BED1": {
      "Properties": {
        "PolicyDocument": {
          "Statement": [
            {
              "Action": "states:StartExecution",
              "Effect": "Allow",
              "Resource": {
                "Ref": "SsmParameterValueSolutionsSO0111OrchestratorArnC96584B6F00A464EAD1953AFF4B05118Parameter",
              },
            },
          ],
          "Version": "2012-10-17",
        },
        "PolicyName": "PCIExample5EventsRuleRoleDefaultPolicy1043BED1",
        "Roles": [
          {
            "Ref": "PCIExample5EventsRuleRole5B9B7CC6",
          },
        ],
      },
      "Type": "AWS::IAM::Policy",
    },
    "PCIShortName090DB238": {
      "Properties": {
        "Description": "Provides a short (1-12) character abbreviation for the standard.",
        "Name": "/Solutions/SO0111/pci-dss/3.2.1/shortname",
        "Type": "String",
        "Value": "PCI",
      },
      "Type": "AWS::SSM::Parameter",
    },
    "StandardVersionCB2C6951": {
      "Properties": {
        "Description": "This parameter controls whether the SHARR step function will process findings for this version of the standard.",
        "Name": "/Solutions/SO0111/pci-dss/3.2.1/status",
        "Type": "String",
        "Value": "enabled",
      },
      "Type": "AWS::SSM::Parameter",
    },
  },
}
`;

exports[`member stack 1`] = `
{
  "Conditions": {
    "EnableRDS6Condition": {
      "Fn::Equals": [
        {
          "Ref": "EnableRDS6",
        },
        "Available",
      ],
    },
  },
  "Description": "test;",
  "Parameters": {
    "EnableRDS6": {
      "AllowedValues": [
        "Available",
        "NOT Available",
      ],
      "Default": "Available",
      "Description": "Enable/disable availability of remediation for NPB version 3.2.1 Control RDS.6 in Security Hub Console Custom Actions. If NOT Available the remediation cannot be triggered from the Security Hub console in the Security Hub Admin account.",
      "Type": "String",
    },
    "SecHubAdminAccount": {
      "AllowedPattern": "^\\d{12}$",
      "Description": "Admin account number",
      "Type": "String",
    },
  },
  "Resources": {
    "ControlNPBRDS6": {
      "Condition": "EnableRDS6Condition",
      "Properties": {
        "Content": {
          "assumeRole": "{{ AutomationAssumeRole }}",
          "description": "### Document Name - ASRRemediation-AFSBP_RDS.6

## What does this document do?
This document enables \`Enhanced Monitoring\` on a given Amazon RDS instance by calling another SSM document.

## Input Parameters
* Finding: (Required) Security Hub finding details JSON
* AutomationAssumeRole: (Required) The ARN of the role that allows Automation to perform the actions on your behalf.

## Output Parameters
* VerifyRemediation.Output - The standard HTTP response from the ModifyDBInstance API.
",
          "mainSteps": [
            {
              "action": "aws:executeScript",
              "inputs": {
                "Handler": "parse_event",
                "InputPayload": {
                  "Finding": "{{Finding}}",
                },
                "Runtime": "python3.8",
                "Script": "# Copyright Amazon.com, Inc. or its affiliates. All Rights Reserved.
# SPDX-License-Identifier: Apache-2.0
import re
import json
import boto3
from botocore.config import Config

def connect_to_config(boto_config):
    return boto3.client('config', config=boto_config)

def connect_to_ssm(boto_config):
    return boto3.client('ssm', config=boto_config)

def get_solution_id():
    return 'SO0111'

def get_solution_version():
    ssm = connect_to_ssm(
        Config(
            retries = {
                'mode': 'standard'
            },
            user_agent_extra = f'AwsSolution/{get_solution_id()}/unknown'
        )
    )
    solution_version = 'unknown'
    try:
        ssm_parm_value = ssm.get_parameter(
            Name=f'/Solutions/{get_solution_id()}/member-version'
        )['Parameter'].get('Value', 'unknown')
        solution_version = ssm_parm_value
    except Exception as e:
        print(e)
        print(f'ERROR getting solution version')
    return solution_version

def get_shortname(long_name):
    short_name = {
        'aws-foundational-security-best-practices': 'AFSBP',
        'cis-aws-foundations-benchmark': 'CIS',
        'pci-dss': 'PCI'
    }
    return short_name.get(long_name, None)

def get_config_rule(rule_name):
    boto_config = Config(
        retries = {
            'mode': 'standard'
        },
        user_agent_extra = f'AwsSolution/{get_solution_id()}/{get_solution_version()}'
    )
    config_rule = None
    try:
        configsvc = connect_to_config(boto_config)
        config_rule = configsvc.describe_config_rules(
            ConfigRuleNames=[ rule_name ]
        ).get('ConfigRules', [])[0]
    except Exception as e:
        print(e)
        exit(f'ERROR getting config rule {rule_name}')
    return config_rule

class FindingEvent:
    """
    Finding object returns the parse fields from an input finding json object
    """
    def _get_resource_id(self, parse_id_pattern, resource_index):
        identifier_raw = self.finding_json['Resources'][0]['Id']
        self.resource_id = identifier_raw
        self.resource_id_matches = []

        if parse_id_pattern:
            identifier_match = re.match(
                parse_id_pattern,
                identifier_raw
            )

            if identifier_match:
                for group in range(1, len(identifier_match.groups())+1):
                    self.resource_id_matches.append(identifier_match.group(group))
                self.resource_id = identifier_match.group(resource_index)
            else:
                exit(f'ERROR: Invalid resource Id {identifier_raw}')

    def _get_standard_info(self):
        match_finding_id = re.match(
            r'^arn:(?:aws|aws-cn|aws-us-gov):securityhub:(?:[a-z]{2}(?:-gov)?-[a-z]+-\\d):\\d{12}:'+
            'subscription/(.*?)/v/(\\d+\\.\\d+\\.\\d+)/(.*)/finding/(?i:[0-9a-f]{8}-(?:[0-9a-f]{4}-){3}[0-9a-f]{12})$',
            self.finding_json['Id']
        )
        if match_finding_id:
            self.standard_id = get_shortname(match_finding_id.group(1))
            self.standard_version = match_finding_id.group(2)
            self.control_id = match_finding_id.group(3)
        else:
            self.valid_finding = False
            self.invalid_finding_reason = f'Finding Id is invalid: {self.finding_json["Id"]}'

    def _get_aws_config_rule(self):
        # config_rule_id refers to the AWS Config Rule that produced the finding
        if "RelatedAWSResources:0/type" in self.finding_json['ProductFields'] and self.finding_json['ProductFields']['RelatedAWSResources:0/type'] == 'AWS::Config::ConfigRule':
            self.aws_config_rule_id = self.finding_json['ProductFields']['RelatedAWSResources:0/name']
            self.aws_config_rule = get_config_rule(self.aws_config_rule_id)

    def _get_region_from_resource_id(self):
        check_for_region = re.match(
            r'^arn:(?:aws|aws-cn|aws-us-gov):[a-zA-Z0-9]+:([a-z]{2}(?:-gov)?-[a-z]+-\\d):.*:.*$',
            self.finding_json['Resources'][0]['Id']
        )
        if check_for_region:
            self.resource_region = check_for_region.group(1)

    def __init__(self, finding_json, parse_id_pattern, expected_control_id, resource_index):
        self.valid_finding = True
        self.resource_region = None
        self.control_id = None
        self.aws_config_rule_id = None
        self.aws_config_rule = {}

        """Populate fields"""
        # v1.5
        self.finding_json = finding_json
        self._get_resource_id(parse_id_pattern, resource_index)     # self.resource_id, self.resource_id_matches
        self._get_standard_info()                                   # self.standard_id, self.standard_version, self.control_id

        # V1.4
        self.account_id = self.finding_json.get('AwsAccountId', None)    # deprecate - get Finding.AwsAccountId
        if not re.match(r'^\\d{12}$', self.account_id) and self.valid_finding:
            self.valid_finding = False
            self.invalid_finding_reason = f'AwsAccountId is invalid: {self.account_id}'
        self.finding_id = self.finding_json.get('Id', None)              # deprecate
        self.product_arn = self.finding_json.get('ProductArn', None)
        if not re.match(r'^arn:(?:aws|aws-cn|aws-us-gov):securityhub:[a-z]{2}(?:-gov)?-[a-z]+-\\d::product/aws/securityhub$', self.product_arn):
            if self.valid_finding:
                self.valid_finding = False
                self.invalid_finding_reason = f'ProductArn is invalid: {self.product_arn}'
        self.details = self.finding_json['Resources'][0].get('Details', {})
        # Test mode is used with fabricated finding data to tell the
        # remediation runbook to run in test more (where supported)
        # Currently not widely-used and perhaps should be deprecated.
        self.testmode = bool('testmode' in self.finding_json)
        self.resource = self.finding_json['Resources'][0]
        self._get_region_from_resource_id()
        self._get_aws_config_rule()
        self.affected_object = {'Type': self.resource['Type'], 'Id': self.resource_id, 'OutputKey': 'Remediation.Output'}

        # Validate control_id
        if not self.control_id:
            if self.valid_finding:
                self.valid_finding = False
                self.invalid_finding_reason = f'Finding Id is invalid: {self.finding_json["Id"]} - missing Control Id'
        elif self.control_id not in expected_control_id:  # ControlId is the expected value
            if self.valid_finding:
                self.valid_finding = False
                self.invalid_finding_reason = f'Control Id from input ({self.control_id}) does not match {str(expected_control_id)}'

        if not self.resource_id and self.valid_finding:
            self.valid_finding = False
            self.invalid_finding_reason = 'Resource Id is missing from the finding json Resources (Id)'

        if not self.valid_finding:
            # Error message and return error data
            msg = f'ERROR: {self.invalid_finding_reason}'
            exit(msg)

    def __str__(self):
        return json.dumps(self.__dict__)

'''
MAIN
'''
def parse_event(event, _):
    finding_event = FindingEvent(event['Finding'], event['parse_id_pattern'], event['expected_control_id'], event.get('resource_index', 1))

    if not finding_event.valid_finding:
        exit('ERROR: Finding is not valid')

    return {
        "account_id": finding_event.account_id,
        "resource_id": finding_event.resource_id,
        "finding_id": finding_event.finding_id,         # Deprecate v1.5.0+
        "control_id": finding_event.control_id,
        "product_arn": finding_event.product_arn,       # Deprecate v1.5.0+
        "object": finding_event.affected_object,
        "matches": finding_event.resource_id_matches,
        "details": finding_event.details,               # Deprecate v1.5.0+
        "testmode": finding_event.testmode,             # Deprecate v1.5.0+
        "resource": finding_event.resource,
        "resource_region": finding_event.resource_region,
        "finding": finding_event.finding_json,
        "aws_config_rule": finding_event.aws_config_rule
    }",
              },
              "isEnd": false,
              "name": "ParseInput",
              "outputs": [
                {
                  "Name": "ResourceId",
                  "Selector": "$.Payload.resource_id",
                  "Type": "String",
                },
                {
                  "Name": "FindingId",
                  "Selector": "$.Payload.finding_id",
                  "Type": "String",
                },
                {
                  "Name": "ProductArn",
                  "Selector": "$.Payload.product_arn",
                  "Type": "String",
                },
                {
                  "Name": "AffectedObject",
                  "Selector": "$.Payload.object",
                  "Type": "StringMap",
                },
              ],
            },
            {
              "action": "aws:executeAwsApi",
              "description": "## GetRole API to get EnhancedMonitoring IAM role ARN
",
              "inputs": {
                "Api": "GetRole",
                "RoleName": "SO0111-ASR-RDSEnhancedMonitoring",
                "Service": "iam",
              },
              "isEnd": false,
              "name": "GetMonitoringRoleArn",
              "outputs": [
                {
                  "Name": "Arn",
                  "Selector": "$.Role.Arn",
                  "Type": "String",
                },
              ],
              "timeoutSeconds": 600,
            },
            {
              "action": "aws:executeAutomation",
              "inputs": {
                "DocumentName": "AWSConfigRemediation-EnableEnhancedMonitoringOnRDSInstance",
                "RuntimeParameters": {
                  "AutomationAssumeRole": "{{ AutomationAssumeRole }}",
                  "MonitoringRoleArn": "{{GetMonitoringRoleArn.Arn}}",
                  "ResourceId": "{{ ParseInput.ResourceId }}",
                },
              },
              "isEnd": false,
              "name": "ExecRemediation",
            },
            {
              "action": "aws:executeScript",
              "inputs": {
                "Handler": "verify_remediation",
                "InputPayload": {
                  "remediation_output": "{{ExecRemediation.Output}}",
                },
                "Runtime": "python3.8",
                "Script": "import json

def verify_remediation(event, context):
  remediation_output = json.loads(event['remediation_output'][0])

  if remediation_output.get('DBInstance').get('MonitoringInterval', 0) > 0:
    return {
      "response": {
        "message": "Enhanced Monitoring enabled on database " + remediation_output['DBInstance']['DBInstanceIdentifier'],
        "status": "Success"
      }
    }",
              },
              "name": "VerifyRemediation",
              "outputs": [
                {
                  "Name": "Output",
                  "Selector": "$.Payload.response",
                  "Type": "StringMap",
                },
              ],
            },
            {
              "action": "aws:executeAwsApi",
              "description": "Update finding",
              "inputs": {
                "Api": "BatchUpdateFindings",
                "FindingIdentifiers": [
                  {
                    "Id": "{{ParseInput.FindingId}}",
                    "ProductArn": "{{ParseInput.ProductArn}}",
                  },
                ],
                "Note": {
                  "Text": "Deletion protection enabled on RDS DB cluster",
                  "UpdatedBy": "ASRRemediation-AFSBP_RDS.7",
                },
                "Service": "securityhub",
                "Workflow": {
                  "Status": "RESOLVED",
                },
              },
              "isEnd": true,
              "name": "UpdateFinding",
            },
          ],
          "outputs": [
            "VerifyRemediation.Output",
            "ParseInput.AffectedObject",
          ],
          "parameters": {
            "AutomationAssumeRole": {
              "allowedPattern": "^arn:(?:aws|aws-us-gov|aws-cn):iam::\\d{12}:role/[\\w+=,.@-]+$",
              "description": "(Required) The ARN of the role that allows Automation to perform the actions on your behalf.",
              "type": "String",
            },
            "Finding": {
              "description": "The input from Step function for RDS7 finding",
              "type": "StringMap",
            },
          },
          "schemaVersion": "0.3",
        },
        "DocumentFormat": "YAML",
        "DocumentType": "Automation",
        "Name": "ASR-NPB_3.2.1_RDS.6",
        "UpdateMethod": "NewVersion",
      },
      "Type": "AWS::SSM::Document",
    },
  },
}
`;
